// Jest Snapshot v1, https://goo.gl/fbAQLP

exports[`renders correctly 1`] = `
<div>
  <form
    class="form"
  >
    <h1
      class="form__title"
    >
      Log in
    </h1>
    <label
      class="form__label"
      for="usernameOrEmail"
    >
      Username or Email
    </label>
    <input
      class="form__input"
      id="usernameOrEmail"
      name="usernameOrEmail"
      placeholder="Username or email"
      type="text"
      value=""
    />
    <label
      class="form__label"
      for="password"
    >
      Password
    </label>
    <input
      class="form__input"
      id="password"
      name="password"
      placeholder="Password"
      type="password"
      value=""
    />
    <div
      class="buttonContainer"
    >
      <button
        class="form__button standard"
        type="submit"
      >
        Log In
      </button>
      <p>
        or
      </p>
      <button
        class="form__button standard"
        type="button"
      >
        Create an account
      </button>
    </div>
  </form>
</div>
`;
