// Jest Snapshot v1, https://goo.gl/fbAQLP

exports[`renders correctly 1`] = `
<div>
  <div>
    <title>
      Fern
    </title>
    <main
      id="container"
    >
      <div
        class="banner"
      >
        <div
          class="banner__child"
        >
          <h1
            class="banner__title"
          >
            Yttrium
          </h1>
          <h2
            class="banner__title banner__title___subtitle"
          >
            Connect. Speak. Something.
          </h2>
        </div>
        <div
          class="banner__child banner__child___form"
        >
          <form
            class="form"
          >
            <h1
              class="form__title"
            >
              Log in
            </h1>
            <label
              class="form__label"
              for="usernameOrEmail"
            >
              Username or email
            </label>
            <input
              class="form__input"
              id="usernameOrEmail"
              name="usernameOrEmail"
              placeholder="Username or email"
              type="text"
              value=""
            />
            <label
              class="form__label"
              for="password"
            >
              Password
            </label>
            <input
              class="form__input"
              id="password"
              name="password"
              placeholder="Password"
              type="password"
              value=""
            />
            <div
              class="buttonContainer"
            >
              <button
                class="form__button standard"
                type="submit"
              >
                Log In
              </button>
              <p
                class="buttonContainer__text"
              >
                or
              </p>
              <button
                class="form__button standard"
                type="button"
              >
                Create an account
              </button>
            </div>
          </form>
        </div>
      </div>
      <div
        class="trendingContainer"
      >
        <h1
          class="trendingContainer__title"
        >
          The Latest Trends
        </h1>
        <h2>
          See what the world is talking about
        </h2>
        <div
          id="trendingCards"
        />
      </div>
    </main>
  </div>
</div>
`;
