// Jest Snapshot v1, https://goo.gl/fbAQLP

exports[`login form renders properly 1`] = `
<div>
  <div
    id="root"
  >
    <div
      id="leftColumn"
    >
      <form>
        <h1>
          Log In
        </h1>
        <label
          for="email"
        >
          Email
        </label>
        <input
          id="email"
          name="email"
          type="email"
          value=""
        />
        <label
          for="password"
        >
          Password
        </label>
        <input
          id="password"
          name="password"
          type="password"
          value=""
        />
        <button
          type="submit"
        >
          Log In
        </button>
      </form>
      <div
        id="background"
      />
    </div>
    <div
      id="rightColumn"
    />
  </div>
</div>
`;
